// Jest Snapshot v1, https://goo.gl/fbAQLP

exports[`userRepoSearch userRepoSearch component renders correctly 1`] = `
<div>
  <h2
    className="my-5 text-center"
  >
    Search User and Repo
  </h2>
  User Name: 
  <span
    className="user-name"
  >
    twbs
  </span>
   
  <br />
  <div
    className="card"
  >
    <div
      className="card-header"
    >
      <form
        className="form-inline justify-content-center"
        name="repoSearch"
        onSubmit={[Function]}
      >
        <div
          className="form-group mb-2 mr-2"
        >
          <label
            className="sr-only"
            htmlFor="userName"
          >
            Password
          </label>
          <input
            className="form-control"
            id="userName"
            name="user"
            onChange={[Function]}
            placeholder="Search Git user name"
            type="text"
            value="twbs"
          />
        </div>
        <button
          className="btn btn-primary mb-2"
          type="submit"
        >
          Search
        </button>
      </form>
    </div>
    <ul
      className="list-group list-group-flush repo-list"
    >
      <li
        className="list-group-item"
      >
        <a
          href="/issueList/twbs/bootlint"
          onClick={[Function]}
        >
          bootlint
        </a>
      </li>
      <li
        className="list-group-item"
      >
        <a
          href="/issueList/twbs/bootstrap"
          onClick={[Function]}
        >
          bootstrap
        </a>
      </li>
      <li
        className="list-group-item"
      >
        <a
          href="/issueList/twbs/bootstrap-blog"
          onClick={[Function]}
        >
          bootstrap-blog
        </a>
      </li>
      <li
        className="list-group-item"
      >
        <a
          href="/issueList/twbs/bootstrap-expo"
          onClick={[Function]}
        >
          bootstrap-expo
        </a>
      </li>
      <li
        className="list-group-item"
      >
        <a
          href="/issueList/twbs/bootstrap-npm"
          onClick={[Function]}
        >
          bootstrap-npm
        </a>
      </li>
      <li
        className="list-group-item"
      >
        <a
          href="/issueList/twbs/bootstrap-rubygem"
          onClick={[Function]}
        >
          bootstrap-rubygem
        </a>
      </li>
      <li
        className="list-group-item"
      >
        <a
          href="/issueList/twbs/bootstrap-sass"
          onClick={[Function]}
        >
          bootstrap-sass
        </a>
      </li>
      <li
        className="list-group-item"
      >
        <a
          href="/issueList/twbs/bootstrap-server"
          onClick={[Function]}
        >
          bootstrap-server
        </a>
      </li>
      <li
        className="list-group-item"
      >
        <a
          href="/issueList/twbs/grunt-bootlint"
          onClick={[Function]}
        >
          grunt-bootlint
        </a>
      </li>
      <li
        className="list-group-item"
      >
        <a
          href="/issueList/twbs/grunt-css-flip"
          onClick={[Function]}
        >
          grunt-css-flip
        </a>
      </li>
      <li
        className="list-group-item"
      >
        <a
          href="/issueList/twbs/grunt-sed"
          onClick={[Function]}
        >
          grunt-sed
        </a>
      </li>
      <li
        className="list-group-item"
      >
        <a
          href="/issueList/twbs/gruntworker"
          onClick={[Function]}
        >
          gruntworker
        </a>
      </li>
      <li
        className="list-group-item"
      >
        <a
          href="/issueList/twbs/mq4-hover-shim"
          onClick={[Function]}
        >
          mq4-hover-shim
        </a>
      </li>
      <li
        className="list-group-item"
      >
        <a
          href="/issueList/twbs/no-carrier"
          onClick={[Function]}
        >
          no-carrier
        </a>
      </li>
      <li
        className="list-group-item"
      >
        <a
          href="/issueList/twbs/ratchet"
          onClick={[Function]}
        >
          ratchet
        </a>
      </li>
      <li
        className="list-group-item"
      >
        <a
          href="/issueList/twbs/rorschach"
          onClick={[Function]}
        >
          rorschach
        </a>
      </li>
      <li
        className="list-group-item"
      >
        <a
          href="/issueList/twbs/savage"
          onClick={[Function]}
        >
          savage
        </a>
      </li>
    </ul>
  </div>
</div>
`;
