// Jest Snapshot v1, https://goo.gl/fbAQLP

exports[`Issue Issue component renders correctly 1`] = `
<li
  className="list-group-item"
>
  <div>
    <i
      className="fa fa-exclamation-circle text-danger"
    />
    <a
      className="issue-title"
      href="/issue/twbs/bootstrap/27338"
      onClick={[Function]}
    >
        
      It is not possible to properly set $link-color variable in user-land config.
    </a>
  </div>
  <span
    className="issue-desc"
  >
    #
    27338
     
    opened
     
    7 days ago
     by 
    dilame
    <i
      className="fa fa-comments pl-1"
    />
     
    0
  </span>
  <span
    className="pl-2"
  >
    Last updated at 
    7 days ago
  </span>
</li>
`;
